[01:46:21] [main/INFO]: Setting user: Player640
[01:46:22] [Client thread/INFO]: LWJGL Version: 2.9.4
[01:46:28] [Client thread/INFO]: Reloading ResourceManager: Default, FMLFileResourcePack:Forge Mod Loader, FMLFileResourcePack:Minecraft Forge, FMLFileResourcePack:NotEnoughItems, FMLFileResourcePack:Malisis' Doors
[01:46:29] [Client thread/INFO]: Created: 16x16 textures/blocks-atlas
[01:46:29] [Client thread/INFO]: Created: 16x16 textures/items-atlas
[01:46:29] [Sound Library Loader/INFO]: Sound engine started
[01:46:30] [Client thread/INFO]: Reloading ResourceManager: Default, FMLFileResourcePack:Forge Mod Loader, FMLFileResourcePack:Minecraft Forge, FMLFileResourcePack:NotEnoughItems, FMLFileResourcePack:Malisis' Doors
[01:46:30] [Client thread/INFO]: Created: 512x512 textures/blocks-atlas
[01:46:30] [Client thread/INFO]: Created: 512x256 textures/items-atlas
[01:46:31] [Sound Library Loader/INFO]: Sound engine started
[01:48:02] [Server thread/INFO]: Starting integrated minecraft server version 1.7.10
[01:48:02] [Server thread/INFO]: Generating keypair
[01:48:03] [Server thread/INFO]: Preparing start region for level 0
[01:48:03] [Server thread/INFO]: Changing view distance to 12, from 10
[01:48:03] [Server thread/INFO]: Player640[local:E:55adadca] logged in with entity id 246 at (1066.5894030716627, 4.0, -187.0768679959732)
[01:48:03] [Server thread/INFO]: Player640 joined the game
[01:48:12] [Server thread/INFO]: Saving and pausing game...
[01:48:12] [Server thread/INFO]: Saving chunks for level 'New World'/Overworld
[01:48:12] [Server thread/INFO]: Saving chunks for level 'New World'/Nether
[01:48:12] [Server thread/INFO]: Saving chunks for level 'New World'/The End
[01:48:19] [Server thread/INFO]: Saving and pausing game...
[01:48:19] [Server thread/INFO]: Saving chunks for level 'New World'/Overworld
[01:48:19] [Server thread/INFO]: Saving chunks for level 'New World'/Nether
[01:48:19] [Server thread/INFO]: Saving chunks for level 'New World'/The End
[01:48:24] [Client thread/INFO]: [CHAT] doMobLoot, doMobSpawning
[01:48:24] [Client thread/INFO]: [CHAT] doMobLoot, doMobSpawning
[01:48:25] [Server thread/INFO]: [Player640: Game rule has been updated]
[01:48:25] [Client thread/INFO]: [CHAT] Game rule has been updated
[01:48:54] [Server thread/INFO]: Saving and pausing game...
[01:48:54] [Server thread/INFO]: Saving chunks for level 'New World'/Overworld
[01:48:54] [Server thread/INFO]: Saving chunks for level 'New World'/Nether
[01:48:54] [Server thread/INFO]: Saving chunks for level 'New World'/The End
[01:49:40] [Server thread/INFO]: Saving and pausing game...
[01:49:40] [Server thread/INFO]: Saving chunks for level 'New World'/Overworld
[01:49:40] [Server thread/INFO]: Saving chunks for level 'New World'/Nether
[01:49:40] [Server thread/INFO]: Saving chunks for level 'New World'/The End
[01:52:17] [Server thread/INFO]: [Player640: Set the time to 1000]
[01:52:17] [Client thread/INFO]: [CHAT] Set the time to 1000
[01:52:19] [Server thread/INFO]: [Player640: Game rule has been updated]
[01:52:19] [Client thread/INFO]: [CHAT] Game rule has been updated
[01:52:22] [Server thread/INFO]: Saving and pausing game...
[01:52:22] [Server thread/INFO]: Saving chunks for level 'New World'/Overworld
[01:52:22] [Server thread/INFO]: Saving chunks for level 'New World'/Nether
[01:52:22] [Server thread/INFO]: Saving chunks for level 'New World'/The End
[01:54:37] [Server thread/INFO]: Saving and pausing game...
[01:54:37] [Server thread/INFO]: Saving chunks for level 'New World'/Overworld
[01:54:37] [Server thread/INFO]: Saving chunks for level 'New World'/Nether
[01:54:37] [Server thread/INFO]: Saving chunks for level 'New World'/The End
[01:54:38] [Server thread/INFO]: Stopping server
[01:54:38] [Server thread/INFO]: Saving players
[01:54:38] [Server thread/INFO]: Saving worlds
[01:54:38] [Server thread/INFO]: Saving chunks for level 'New World'/Overworld
[01:54:38] [Server thread/INFO]: Saving chunks for level 'New World'/Nether
[01:54:38] [Server thread/INFO]: Saving chunks for level 'New World'/The End
[01:54:39] [Client thread/INFO]: Stopping!
